[berg.maskandesign.com/html/02_02_multipage_construct.html]
[backblue.gif]
[fade.gif]
[index.html]
[berg.maskandesign.com/html/css/bootstrap.css]
[berg.maskandesign.com/html/css/font-awesome.min.css]
[berg.maskandesign.com/html/fonts/themify-icons.css]
[berg.maskandesign.com/html/css/owl.carousel.css]
[berg.maskandesign.com/html/css/magnific-popup.css]
[berg.maskandesign.com/html/css/animate.css]
[berg.maskandesign.com/html/fonts/build/flaticon.css]
[berg.maskandesign.com/html/css/style.css]
[berg.maskandesign.com/html/02_01_multipage_creative.html]
[berg.maskandesign.com/html/02_03_multipage_sport.html]
[berg.maskandesign.com/html/02_04_multipage_yoga.html]
[berg.maskandesign.com/html/02_05_multipage_music.html]
[berg.maskandesign.com/html/02_06_multipage_wedding.html]
[berg.maskandesign.com/html/02_07_multipage_arch.html]
[berg.maskandesign.com/html/02_08_multipage_photo.html]
[berg.maskandesign.com/html/02_09_multipage_medicine.html]
[berg.maskandesign.com/html/02_10_multipage_fashion.html]
[berg.maskandesign.com/html/02_11_multipage_hotel.html]
[berg.maskandesign.com/html/02_12_multipage_cafe.html]
[berg.maskandesign.com/html/02_13_multipage_pizza.html]
[berg.maskandesign.com/html/02_14_multipage_asia.html]
[berg.maskandesign.com/html/02_15_multipage_spa.html]
[berg.maskandesign.com/html/02_16_multipage_travel.html]
[berg.maskandesign.com/html/02_17_multipage_child.html]
[berg.maskandesign.com/html/02_18_multipage_furniture.html]
[berg.maskandesign.com/html/02_19_multipage_corporate.html]
[berg.maskandesign.com/html/02_20_multipage_lawyer.html]
[berg.maskandesign.com/html/02_21_multipage_black_studio.html]
[berg.maskandesign.com/html/02_22_multipage_retro.html]
[berg.maskandesign.com/html/02_23_multipage_dentist.html]
[berg.maskandesign.com/html/02_24_multipage_videoslider.html]
[berg.maskandesign.com/html/03_01_page_about_us.html]
[berg.maskandesign.com/html/03_02_page_services.html]
[berg.maskandesign.com/html/03_03_page_contact.html]
[berg.maskandesign.com/html/03_04_page_faq.html]
[berg.maskandesign.com/html/03_05_page_countdown.html]
[berg.maskandesign.com/html/03_06_page_login.html]
[berg.maskandesign.com/html/03_07_page_register.html]
[berg.maskandesign.com/html/03_08_page_confirmation.html]
[berg.maskandesign.com/html/03_09_page_404.html]
[berg.maskandesign.com/html/03_10_page_comingsoon.html]
[berg.maskandesign.com/html/04_01_blog_sidebar_left.html]
[berg.maskandesign.com/html/04_02_blog_sidebar_right.html]
[berg.maskandesign.com/html/04_03_blog_masonry_sidebar_left.html]
[berg.maskandesign.com/html/04_04_blog_masonry_sidebar_right.html]
[berg.maskandesign.com/html/04_05_blog_sidebar_no_sidebar.html]
[berg.maskandesign.com/html/04_06_blog_masonry_full_2col.html]
[berg.maskandesign.com/html/04_07_blog_masonry_full_3col.html]
[berg.maskandesign.com/html/04_08_blog_single_sidebar_left.html]
[berg.maskandesign.com/html/04_09_blog_single_sidebar_right.html]
[berg.maskandesign.com/html/04_10_blog_single_sidebar_no_sidebar.html]
[berg.maskandesign.com/html/05_01_portfolio_masonry_sidebar_left.html]
[berg.maskandesign.com/html/05_02_portfolio_masonry_sidebar_left.html]
[berg.maskandesign.com/html/05_03_portfolio_masonry_full_2col.html]
[berg.maskandesign.com/html/05_04_portfolio_masonry_full_3col.html]
[berg.maskandesign.com/html/06_01_shop_sidebar_left.html]
[berg.maskandesign.com/html/06_02_shop_sidebar_right.html]
[berg.maskandesign.com/html/06_03_shop_sidebar_full_2col.html]
[berg.maskandesign.com/html/06_04_shop_sidebar_full_3col.html]
[berg.maskandesign.com/html/06_05_shop_sidebar_full_4col.html]
[berg.maskandesign.com/html/06_06_shop_single_sidebar_left.html]
[berg.maskandesign.com/html/06_07_shop_single_sidebar_right.html]
[berg.maskandesign.com/html/06_08_shop_cart.html]
[berg.maskandesign.com/html/06_09_shop_checkout.html]
[berg.maskandesign.com/html/07_01_elements_tabs.html]
[berg.maskandesign.com/html/07_02_elements_countdown.html]
[berg.maskandesign.com/html/07_03_elements_prices.html]
[berg.maskandesign.com/html/07_04_elements_accordions.html]
[berg.maskandesign.com/html/07_05_elements_progress_bars.html]
[berg.maskandesign.com/html/07_06_elements_typo.html]
[berg.maskandesign.com/html/07_07_elements_alerts.html]
[berg.maskandesign.com/html/07_08_elements_buttons.html]
[berg.maskandesign.com/html/07_09_elements_forms.html]
[berg.maskandesign.com/html/07_10_elements_tables.html]
[berg.maskandesign.com/html/07_12_elements_grid.html]
[berg.maskandesign.com/html/07_11_elements_tooltip.html]
[berg.maskandesign.com/html/07_19_elements_header_white.html]
[berg.maskandesign.com/html/07_20_elements_header_white_sml.html]
[berg.maskandesign.com/html/07_21_elements_header_dark.html]
[berg.maskandesign.com/html/07_22_elements_header_dark_sml.html]
[berg.maskandesign.com/html/07_23_elements_header_opacity.html]
[berg.maskandesign.com/html/07_24_elements_header_opacity_rounded.html]
[berg.maskandesign.com/html/07_25_elements_header_simple.html]
[berg.maskandesign.com/html/07_13_elements_icons.html]
[berg.maskandesign.com/html/07_26_elements_header_mobile.html]
[berg.maskandesign.com/html/07_14_elements_icons_health.html]
[berg.maskandesign.com/html/07_15_elements_icons_build.html]
[berg.maskandesign.com/html/07_16_elements_icons_sound.html]
[berg.maskandesign.com/html/07_17_elements_icons_spa.html]
[berg.maskandesign.com/html/07_18_elements_icons_dentist.html]
[berg.maskandesign.com/html/07_27_elements_no_passpartu.html]
[berg.maskandesign.com/html/07_28_elements_passpartu_color.html]
[berg.maskandesign.com/html/07_29_elements_sliders.html]
[berg.maskandesign.com/html/07_30_elements_reviews.html]
[berg.maskandesign.com/html/07_31_elements_team.html]
[berg.maskandesign.com/html/07_32_elements_block_animations.html]
[berg.maskandesign.com/html/images/good1.jpg]
[berg.maskandesign.com/html/images/good2.jpg]
[berg.maskandesign.com/html/images/build.jpg]
[berg.maskandesign.com/html/images/roof.jpg]
[berg.maskandesign.com/html/images/kitchen.jpg]
[berg.maskandesign.com/html/images/int.jpg]
[berg.maskandesign.com/html/images/garden.jpg]
[berg.maskandesign.com/html/images/white_back.jpg]
[berg.maskandesign.com/html/images/builder.png]
[berg.maskandesign.com/html/images/builder2.png]
[berg.maskandesign.com/html/images/bb1.jpg]
[berg.maskandesign.com/html/images/bb2.jpg]
[berg.maskandesign.com/html/images/bb3.jpg]
[berg.maskandesign.com/html/images/bb4.jpg]
[berg.maskandesign.com/html/images/bb5.jpg]
[berg.maskandesign.com/html/images/bb6.jpg]
[berg.maskandesign.com/html/images/face1.jpg]
[berg.maskandesign.com/html/images/face2.jpg]
[berg.maskandesign.com/html/images/face3.jpg]
[berg.maskandesign.com/html/images/face4.jpg]
[berg.maskandesign.com/html/images/face5.jpg]
[berg.maskandesign.com/html/images/face6.jpg]
[berg.maskandesign.com/html/js/jquery-1.11.3.min.js]
[berg.maskandesign.com/html/js/owl.carousel.min.js]
[berg.maskandesign.com/html/js/prefixfree.min.js]
[berg.maskandesign.com/html/js/jquery.lettering.js]
[berg.maskandesign.com/html/js/jquery.plugin.min.js]
[berg.maskandesign.com/html/js/jquery.magnific-popup.min.js]
[berg.maskandesign.com/html/js/jquery.countdown.min.js]
[berg.maskandesign.com/html/js/wow.js]
[berg.maskandesign.com/html/js/jquery-ui.js]
[berg.maskandesign.com/html/js/masonry.pkgd.min.js]
[berg.maskandesign.com/html/js/bootstrap.min.js]
[berg.maskandesign.com/html/02_02_multipage_construct.html]
[berg.maskandesign.com/html/js/script.js]
[berg.maskandesign.com/html/fonts/glyphicons-halflings-regular.eot]
[berg.maskandesign.com/html/fonts/glyphicons-halflings-regular.woff2]
[berg.maskandesign.com/html/fonts/glyphicons-halflings-regulard41d.eot]
[berg.maskandesign.com/html/fonts/glyphicons-halflings-regular.woff]
[berg.maskandesign.com/html/fonts/glyphicons-halflings-regular.ttf]
[berg.maskandesign.com/html/css/bootstrap.css]
[berg.maskandesign.com/html/fonts/fontawesome-webfonte0a5.eot]
[berg.maskandesign.com/html/fonts/glyphicons-halflings-regular.svg]
[berg.maskandesign.com/html/fonts/fontawesome-webfontd41d.eot]
[berg.maskandesign.com/html/fonts/fontawesome-webfonte0a5.woff2]
[berg.maskandesign.com/html/fonts/fontawesome-webfonte0a5.woff]
[berg.maskandesign.com/html/fonts/fontawesome-webfonte0a5.ttf]
[berg.maskandesign.com/html/css/font-awesome.min.css]
[berg.maskandesign.com/html/fonts/fonts/themify9f24.eot]
[berg.maskandesign.com/html/fonts/fontawesome-webfonte0a5.svg]
[berg.maskandesign.com/html/fonts/fonts/themifyd41d.eot]
[berg.maskandesign.com/html/fonts/fonts/themify9f24.woff]
[berg.maskandesign.com/html/fonts/fonts/themify9f24.ttf]
[berg.maskandesign.com/html/fonts/themify-icons.css]
[berg.maskandesign.com/html/fonts/fonts/themify9f24.svg]
[berg.maskandesign.com/html/css/owl.carousel.css]
[berg.maskandesign.com/html/css/magnific-popup.css]
[berg.maskandesign.com/html/css/animate.css]
[berg.maskandesign.com/html/fonts/build/flaticon.eot]
[berg.maskandesign.com/html/fonts/build/flaticon.woff]
[berg.maskandesign.com/html/fonts/build/flaticon.ttf]
[berg.maskandesign.com/html/fonts/build/flaticon.css]
[berg.maskandesign.com/html/images/sky.jpg]
[berg.maskandesign.com/html/images/pizza_img.png]
[berg.maskandesign.com/html/fonts/build/flaticon.svg]
[berg.maskandesign.com/html/images/airplane.png]
[berg.maskandesign.com/html/images/ballon.png]
[berg.maskandesign.com/html/images/mac.png]
[berg.maskandesign.com/html/images/mac_gloss.png]
[berg.maskandesign.com/html/images/mac_acc.jpg]
[berg.maskandesign.com/html/images/film.png]
[berg.maskandesign.com/html/images/frame_back.png]
[berg.maskandesign.com/html/css/style.css]
[berg.maskandesign.com/html/images/bus1.jpg]
[berg.maskandesign.com/html/images/hotel2.jpg]
[berg.maskandesign.com/html/images/signature.png]
[berg.maskandesign.com/html/images/businessman.png]
[berg.maskandesign.com/html/images/ar1.jpg]
[berg.maskandesign.com/html/images/ar2.jpg]
[berg.maskandesign.com/html/images/ar4.jpg]
[berg.maskandesign.com/html/images/bb7.jpg]
[berg.maskandesign.com/html/images/bb8.jpg]
[berg.maskandesign.com/html/images/blog1.jpg]
[berg.maskandesign.com/html/images/blog2.jpg]
[berg.maskandesign.com/html/images/partner1.png]
[berg.maskandesign.com/html/images/partner2.png]
[berg.maskandesign.com/html/images/partner3.png]
[berg.maskandesign.com/html/images/partner4.png]
[berg.maskandesign.com/html/images/partner5.png]
[berg.maskandesign.com/html/images/partner6.png]
[berg.maskandesign.com/html/images/partner7.png]
[berg.maskandesign.com/html/images/partner8.png]
[berg.maskandesign.com/html/images/partner9.png]
[berg.maskandesign.com/html/images/hotel_c1.jpg]
[berg.maskandesign.com/html/images/hotel_c2.jpg]
[berg.maskandesign.com/html/02_01_multipage_creative.html]
[berg.maskandesign.com/html/images/sport4.jpg]
[berg.maskandesign.com/html/images/sport2.jpg]
[berg.maskandesign.com/html/images/sport5.jpg]
[berg.maskandesign.com/html/images/black_dust.jpg]
[berg.maskandesign.com/html/images/sportsman.png]
[berg.maskandesign.com/html/images/sp7.jpg]
[berg.maskandesign.com/html/images/sp2.jpg]
[berg.maskandesign.com/html/images/sp3.jpg]
[berg.maskandesign.com/html/images/sp10.jpg]
[berg.maskandesign.com/html/images/sp4.jpg]
[berg.maskandesign.com/html/images/sport3.jpg]
[berg.maskandesign.com/html/images/sport8.jpg]
[berg.maskandesign.com/html/images/sport7.jpg]
[berg.maskandesign.com/html/02_03_multipage_sport.html]
[berg.maskandesign.com/html/images/yoga1.jpg]
[berg.maskandesign.com/html/images/yoga2.jpg]
[berg.maskandesign.com/html/images/yoga2.png]
[berg.maskandesign.com/html/images/yoga7.jpg]
[berg.maskandesign.com/html/02_04_multipage_yoga.html]
[berg.maskandesign.com/html/fonts/sound/flaticon.css]
[berg.maskandesign.com/html/images/music4.jpg]
[berg.maskandesign.com/html/images/music1.jpg]
[berg.maskandesign.com/html/images/music2.jpg]
[berg.maskandesign.com/html/images/music.png]
[berg.maskandesign.com/html/images/music5.jpg]
[berg.maskandesign.com/html/images/music6.jpg]
[berg.maskandesign.com/html/images/music7.jpg]
[berg.maskandesign.com/html/images/mm1.jpg]
[berg.maskandesign.com/html/images/mm2.jpg]
[berg.maskandesign.com/html/images/mm3.jpg]
[berg.maskandesign.com/html/images/mm4.jpg]
[berg.maskandesign.com/html/images/mm5.jpg]
[berg.maskandesign.com/html/images/mm6.jpg]
[berg.maskandesign.com/html/images/mm7.jpg]
[berg.maskandesign.com/html/images/mm8.jpg]
[berg.maskandesign.com/html/images/mm9.jpg]
[berg.maskandesign.com/html/images/mm10.jpg]
[berg.maskandesign.com/html/images/mus1.jpg]
[berg.maskandesign.com/html/images/mus2.jpg]
[berg.maskandesign.com/html/images/mus3.jpg]
[berg.maskandesign.com/html/images/mus4.jpg]
[berg.maskandesign.com/html/02_05_multipage_music.html]
[berg.maskandesign.com/html/images/wedding.jpg]
[berg.maskandesign.com/html/images/wedding2.jpg]
[berg.maskandesign.com/html/images/wedd_st1.jpg]
[berg.maskandesign.com/html/images/wedd_st2.jpg]
[berg.maskandesign.com/html/images/wedd_st3.jpg]
[berg.maskandesign.com/html/images/wedd_st4.jpg]
[berg.maskandesign.com/html/images/wedd_st5.jpg]
[berg.maskandesign.com/html/images/wedd_st6.jpg]
[berg.maskandesign.com/html/images/wg6.jpg]
[berg.maskandesign.com/html/02_06_multipage_wedding.html]
[berg.maskandesign.com/html/images/arch_img.png]
[berg.maskandesign.com/html/images/build1.jpg]
[berg.maskandesign.com/html/images/build2.jpg]
[berg.maskandesign.com/html/images/build3.jpg]
[berg.maskandesign.com/html/images/build4.jpg]
[berg.maskandesign.com/html/images/bb9.jpg]
[berg.maskandesign.com/html/images/bb10.jpg]
[berg.maskandesign.com/html/images/bb11.jpg]
[berg.maskandesign.com/html/images/bb12.jpg]
[berg.maskandesign.com/html/images/ar3.jpg]
[berg.maskandesign.com/html/images/ar5.jpg]
[berg.maskandesign.com/html/images/ar6.jpg]
[berg.maskandesign.com/html/02_07_multipage_arch.html]
[berg.maskandesign.com/html/images/photo7.jpg]
[berg.maskandesign.com/html/images/photo1.jpg]
[berg.maskandesign.com/html/images/photo_logo.png]
[berg.maskandesign.com/html/images/photo6.jpg]
[berg.maskandesign.com/html/images/ph1.jpg]
[berg.maskandesign.com/html/images/ph2.jpg]
[berg.maskandesign.com/html/images/ph3.jpg]
[berg.maskandesign.com/html/images/ph4.jpg]
[berg.maskandesign.com/html/images/ph5.jpg]
[berg.maskandesign.com/html/images/ph6.jpg]
[berg.maskandesign.com/html/images/fash1.jpg]
[berg.maskandesign.com/html/images/fash2.jpg]
[berg.maskandesign.com/html/images/fash3.jpg]
[berg.maskandesign.com/html/images/fash4.jpg]
[berg.maskandesign.com/html/images/fash5.jpg]
[berg.maskandesign.com/html/images/fash6.jpg]
[berg.maskandesign.com/html/images/photo5.jpg]
[berg.maskandesign.com/html/02_08_multipage_photo.html]
[berg.maskandesign.com/html/fonts/health/flaticon.css]
[berg.maskandesign.com/html/images/med1.jpg]
[berg.maskandesign.com/html/images/med2.jpg]
[berg.maskandesign.com/html/images/med6.jpg]
[berg.maskandesign.com/html/images/med4.jpg]
[berg.maskandesign.com/html/images/med5.jpg]
[berg.maskandesign.com/html/02_09_multipage_medicine.html]
[berg.maskandesign.com/html/images/fashion1.jpg]
[berg.maskandesign.com/html/images/fashion.png]
[berg.maskandesign.com/html/images/fashion2.jpg]
[berg.maskandesign.com/html/images/fashion3.jpg]
[berg.maskandesign.com/html/images/fashion2.png]
[berg.maskandesign.com/html/images/pr1.jpg]
[berg.maskandesign.com/html/images/pr2.jpg]
[berg.maskandesign.com/html/images/pr3.jpg]
[berg.maskandesign.com/html/images/pr4.jpg]
[berg.maskandesign.com/html/images/pr5.jpg]
[berg.maskandesign.com/html/images/pr6.jpg]
[berg.maskandesign.com/html/images/fash10.jpg]
[berg.maskandesign.com/html/images/fash9.jpg]
[berg.maskandesign.com/html/images/fash11.jpg]
[berg.maskandesign.com/html/images/fash12.jpg]
[berg.maskandesign.com/html/images/fash13.jpg]
[berg.maskandesign.com/html/images/back2.jpg]
[berg.maskandesign.com/html/images/girl2.jpg]
[berg.maskandesign.com/html/images/girl.jpg]
[berg.maskandesign.com/html/02_10_multipage_fashion.html]
[berg.maskandesign.com/html/images/hotel1.jpg]
[berg.maskandesign.com/html/images/hotel_m1.jpg]
[berg.maskandesign.com/html/images/pool.jpg]
[berg.maskandesign.com/html/images/room.jpg]
[berg.maskandesign.com/html/images/exc.jpg]
[berg.maskandesign.com/html/images/hotel_m9.jpg]
[berg.maskandesign.com/html/images/old.jpg]
[berg.maskandesign.com/html/images/room1.jpg]
[berg.maskandesign.com/html/images/room2.jpg]
[berg.maskandesign.com/html/images/room3.jpg]
[berg.maskandesign.com/html/images/room4.jpg]
[berg.maskandesign.com/html/images/room5.jpg]
[berg.maskandesign.com/html/images/room6.jpg]
[berg.maskandesign.com/html/images/pool5.jpg]
[berg.maskandesign.com/html/images/pool3.jpg]
[berg.maskandesign.com/html/images/pool6.jpg]
[berg.maskandesign.com/html/02_11_multipage_hotel.html]
[berg.maskandesign.com/html/images/food9.jpg]
[berg.maskandesign.com/html/images/food10.jpg]
[berg.maskandesign.com/html/images/food_where.jpg]
[berg.maskandesign.com/html/images/food3.jpg]
[berg.maskandesign.com/html/images/food4.jpg]
[berg.maskandesign.com/html/images/food5.jpg]
[berg.maskandesign.com/html/images/fo1.jpg]
[berg.maskandesign.com/html/images/fo2.jpg]
[berg.maskandesign.com/html/images/fo3.jpg]
[berg.maskandesign.com/html/images/fo4.jpg]
[berg.maskandesign.com/html/images/cook1.jpg]
[berg.maskandesign.com/html/images/cook2.jpg]
[berg.maskandesign.com/html/images/cook3.jpg]
[berg.maskandesign.com/html/images/cook4.jpg]
[berg.maskandesign.com/html/images/cook5.jpg]
[berg.maskandesign.com/html/images/cook6.jpg]
[berg.maskandesign.com/html/images/food6.jpg]
[berg.maskandesign.com/html/images/food8.jpg]
[berg.maskandesign.com/html/02_12_multipage_cafe.html]
[berg.maskandesign.com/html/images/pizza.jpg]
[berg.maskandesign.com/html/images/overlay.png]
[berg.maskandesign.com/html/images/pizza1.jpg]
[berg.maskandesign.com/html/images/pizza2.jpg]
[berg.maskandesign.com/html/images/pizza3.jpg]
[berg.maskandesign.com/html/images/pizza_back.jpg]
[berg.maskandesign.com/html/02_13_multipage_pizza.html]
[berg.maskandesign.com/html/images/asian.jpg]
[berg.maskandesign.com/html/images/asia4.jpg]
[berg.maskandesign.com/html/images/asia1.jpg]
[berg.maskandesign.com/html/images/asia2.jpg]
[berg.maskandesign.com/html/images/asia3.jpg]
[berg.maskandesign.com/html/images/asian_menu.jpg]
[berg.maskandesign.com/html/images/chalkboard.jpg]
[berg.maskandesign.com/html/02_14_multipage_asia.html]
[berg.maskandesign.com/html/fonts/spa/flaticon.css]
[berg.maskandesign.com/html/images/spa.jpg]
[berg.maskandesign.com/html/images/spa2.jpg]
[berg.maskandesign.com/html/images/spa3.jpg]
[berg.maskandesign.com/html/02_15_multipage_spa.html]
[berg.maskandesign.com/html/images/trav4.jpg]
[berg.maskandesign.com/html/images/trav3.jpg]
[berg.maskandesign.com/html/images/tr2.jpg]
[berg.maskandesign.com/html/images/tr3.jpg]
[berg.maskandesign.com/html/images/tr4.jpg]
[berg.maskandesign.com/html/images/tr5.jpg]
[berg.maskandesign.com/html/images/tr6.jpg]
[berg.maskandesign.com/html/images/trav1.jpg]
[berg.maskandesign.com/html/images/trav2.jpg]
[berg.maskandesign.com/html/images/bui5.jpg]
[berg.maskandesign.com/html/02_16_multipage_travel.html]
[berg.maskandesign.com/html/images/child1.jpg]
[berg.maskandesign.com/html/images/child2.jpg]
[berg.maskandesign.com/html/images/child3.jpg]
[berg.maskandesign.com/html/images/ch1.jpg]
[berg.maskandesign.com/html/images/ch2.jpg]
[berg.maskandesign.com/html/images/ch3.jpg]
[berg.maskandesign.com/html/images/ch4.jpg]
[berg.maskandesign.com/html/images/ch5.jpg]
[berg.maskandesign.com/html/images/ch6.jpg]
[berg.maskandesign.com/html/images/ch7.jpg]
[berg.maskandesign.com/html/02_17_multipage_child.html]
[berg.maskandesign.com/html/images/int1.jpg]
[berg.maskandesign.com/html/images/int3.jpg]
[berg.maskandesign.com/html/images/chair1.jpg]
[berg.maskandesign.com/html/images/chair2.jpg]
[berg.maskandesign.com/html/images/chair3.jpg]
[berg.maskandesign.com/html/images/chair4.jpg]
[berg.maskandesign.com/html/images/chair5.jpg]
[berg.maskandesign.com/html/images/chair6.jpg]
[berg.maskandesign.com/html/images/chair.png]
[berg.maskandesign.com/html/images/furn1.jpg]
[berg.maskandesign.com/html/images/furn2.jpg]
[berg.maskandesign.com/html/images/furn3.jpg]
[berg.maskandesign.com/html/images/furn4.jpg]
[berg.maskandesign.com/html/images/furn5.jpg]
[berg.maskandesign.com/html/images/furn6.jpg]
[berg.maskandesign.com/html/images/interior1.jpg]
[berg.maskandesign.com/html/images/interior2.jpg]
[berg.maskandesign.com/html/02_18_multipage_furniture.html]
[berg.maskandesign.com/html/images/corporate.jpg]
[berg.maskandesign.com/html/images/girl3.png]
[berg.maskandesign.com/html/images/girl4.png]
[berg.maskandesign.com/html/02_19_multipage_corporate.html]
[berg.maskandesign.com/html/images/law1.jpg]
[berg.maskandesign.com/html/images/la2.jpg]
[berg.maskandesign.com/html/images/la4.jpg]
[berg.maskandesign.com/html/images/la3.jpg]
[berg.maskandesign.com/html/images/la1.jpg]
[berg.maskandesign.com/html/images/la6.jpg]
[berg.maskandesign.com/html/02_20_multipage_lawyer.html]
[berg.maskandesign.com/html/images/black1.jpg]
[berg.maskandesign.com/html/images/black3.jpg]
[berg.maskandesign.com/html/images/businessman_black.png]
[berg.maskandesign.com/html/02_21_multipage_black_studio.html]
[berg.maskandesign.com/html/images/mount1.jpg]
[berg.maskandesign.com/html/images/mount2.jpg]
[berg.maskandesign.com/html/images/mount3.jpg]
[berg.maskandesign.com/html/images/mount4.jpg]
[berg.maskandesign.com/html/images/mount5.jpg]
[berg.maskandesign.com/html/images/back3.jpg]
[berg.maskandesign.com/html/images/sea1.jpg]
[berg.maskandesign.com/html/02_22_multipage_retro.html]
[berg.maskandesign.com/html/fonts/dentist/flaticon.css]
[berg.maskandesign.com/html/images/dent2.jpg]
[berg.maskandesign.com/html/images/dent4.jpg]
[berg.maskandesign.com/html/images/dent1.jpg]
[berg.maskandesign.com/html/images/dent_m1.jpg]
[berg.maskandesign.com/html/images/dent_m2.jpg]
[berg.maskandesign.com/html/images/dent_m3.jpg]
[berg.maskandesign.com/html/images/dent_m4.jpg]
[berg.maskandesign.com/html/images/dent_m5.jpg]
[berg.maskandesign.com/html/images/dent3.jpg]
[berg.maskandesign.com/html/images/f1.jpg]
[berg.maskandesign.com/html/images/f2.jpg]
[berg.maskandesign.com/html/images/f3.jpg]
[berg.maskandesign.com/html/02_23_multipage_dentist.html]
[berg.maskandesign.com/html/css/jquery.mb.YTPlayer.min.css]
[berg.maskandesign.com/html/js/jquery.mb.YTPlayer.min.js]
[berg.maskandesign.com/html/02_24_multipage_videoslider.html]
[berg.maskandesign.com/html/03_01_page_about_us.html]
[berg.maskandesign.com/html/03_02_page_services.html]
[berg.maskandesign.com/html/03_03_page_contact.html]
[berg.maskandesign.com/html/03_04_page_faq.html]
[berg.maskandesign.com/html/03_05_page_countdown.html]
[berg.maskandesign.com/html/images/travel1.jpg]
[berg.maskandesign.com/html/03_06_page_login.html]
[berg.maskandesign.com/html/03_07_page_register.html]
[berg.maskandesign.com/html/03_08_page_confirmation.html]
[berg.maskandesign.com/html/images/lost.jpg]
[berg.maskandesign.com/html/03_09_page_404.html]
[berg.maskandesign.com/html/images/city.jpg]
[berg.maskandesign.com/html/03_10_page_comingsoon.html]
[berg.maskandesign.com/html/images/business2.jpg]
[berg.maskandesign.com/html/04_01_blog_sidebar_left.html]
[berg.maskandesign.com/html/04_02_blog_sidebar_right.html]
[berg.maskandesign.com/html/04_03_blog_masonry_sidebar_left.html]
[berg.maskandesign.com/html/04_04_blog_masonry_sidebar_right.html]
[berg.maskandesign.com/html/04_05_blog_sidebar_no_sidebar.html]
[berg.maskandesign.com/html/04_06_blog_masonry_full_2col.html]
[berg.maskandesign.com/html/04_07_blog_masonry_full_3col.html]
[berg.maskandesign.com/html/04_08_blog_single_sidebar_left.html]
[berg.maskandesign.com/html/04_09_blog_single_sidebar_right.html]
[berg.maskandesign.com/html/04_10_blog_single_sidebar_no_sidebar.html]
[berg.maskandesign.com/html/05_01_portfolio_masonry_sidebar_left.html]
[berg.maskandesign.com/html/05_02_portfolio_masonry_sidebar_left.html]
[berg.maskandesign.com/html/05_03_portfolio_masonry_full_2col.html]
[berg.maskandesign.com/html/05_04_portfolio_masonry_full_3col.html]
[berg.maskandesign.com/html/06_01_shop_sidebar_left.html]
[berg.maskandesign.com/html/06_02_shop_sidebar_right.html]
[berg.maskandesign.com/html/06_03_shop_sidebar_full_2col.html]
[berg.maskandesign.com/html/06_04_shop_sidebar_full_3col.html]
[berg.maskandesign.com/html/06_05_shop_sidebar_full_4col.html]
[berg.maskandesign.com/html/06_06_shop_single_sidebar_left.html]
[berg.maskandesign.com/html/06_07_shop_single_sidebar_right.html]
[berg.maskandesign.com/html/06_08_shop_cart.html]
[berg.maskandesign.com/html/06_09_shop_checkout.html]
[berg.maskandesign.com/html/07_01_elements_tabs.html]
[berg.maskandesign.com/html/07_02_elements_countdown.html]
[berg.maskandesign.com/html/07_03_elements_prices.html]
[berg.maskandesign.com/html/07_04_elements_accordions.html]
[berg.maskandesign.com/html/07_05_elements_progress_bars.html]
[berg.maskandesign.com/html/07_06_elements_typo.html]
[berg.maskandesign.com/html/07_07_elements_alerts.html]
[berg.maskandesign.com/html/07_08_elements_buttons.html]
[berg.maskandesign.com/html/07_09_elements_forms.html]
[berg.maskandesign.com/html/07_10_elements_tables.html]
[berg.maskandesign.com/html/07_11_elements_tooltip.html]
[berg.maskandesign.com/html/07_12_elements_grid.html]
[berg.maskandesign.com/html/07_19_elements_header_white.html]
[berg.maskandesign.com/html/07_20_elements_header_white_sml.html]
[berg.maskandesign.com/html/07_21_elements_header_dark.html]
[berg.maskandesign.com/html/07_22_elements_header_dark_sml.html]
[berg.maskandesign.com/html/07_23_elements_header_opacity.html]
[berg.maskandesign.com/html/07_24_elements_header_opacity_rounded.html]
[berg.maskandesign.com/html/07_25_elements_header_simple.html]
[berg.maskandesign.com/html/07_26_elements_header_mobile.html]
[berg.maskandesign.com/html/07_13_elements_icons.html]
[berg.maskandesign.com/html/07_14_elements_icons_health.html]
[berg.maskandesign.com/html/07_15_elements_icons_build.html]
[berg.maskandesign.com/html/07_16_elements_icons_sound.html]
[berg.maskandesign.com/html/07_17_elements_icons_spa.html]
[berg.maskandesign.com/html/07_18_elements_icons_dentist.html]
[berg.maskandesign.com/html/07_27_elements_no_passpartu.html]
[berg.maskandesign.com/html/07_28_elements_passpartu_color.html]
[berg.maskandesign.com/html/07_29_elements_sliders.html]
[berg.maskandesign.com/html/07_30_elements_reviews.html]
[berg.maskandesign.com/html/07_31_elements_team.html]
[berg.maskandesign.com/html/07_32_elements_block_animations.html]
[berg.maskandesign.com/html/js/jquery-1.11.3.min.js]
[berg.maskandesign.com/html/js/owl.carousel.min.js]
[berg.maskandesign.com/html/js/prefixfree.min.js]
[berg.maskandesign.com/html/js/jquery.magnific-popup.min.js]
[berg.maskandesign.com/html/js/jquery.lettering.js]
[berg.maskandesign.com/html/js/jquery.plugin.min.js]
[berg.maskandesign.com/html/js/jquery.countdown.min.js]
[berg.maskandesign.com/html/js/jquery-ui.js]
[berg.maskandesign.com/html/js/wow.js]
[berg.maskandesign.com/html/js/masonry.pkgd.min.js]
[berg.maskandesign.com/html/js/bootstrap.min.js]
[berg.maskandesign.com/html/js/script.js]
[berg.maskandesign.com/html/fonts/glyphicons-halflings-regular.svg]
[berg.maskandesign.com/html/fonts/fontawesome-webfonte0a5.svg]
[berg.maskandesign.com/html/fonts/fonts/themify9f24.svg]
[berg.maskandesign.com/html/css/grabbing.html]
[berg.maskandesign.com/html/css/AjaxLoader.html]
[berg.maskandesign.com/html/fonts/build/flaticon.svg]
[berg.maskandesign.com/html/images/bb.html]
[berg.maskandesign.com/html/fonts/sound/flaticon.eot]
[berg.maskandesign.com/html/fonts/sound/flaticon.woff]
[berg.maskandesign.com/html/fonts/sound/flaticon.ttf]
[berg.maskandesign.com/html/fonts/sound/flaticon.svg]
[berg.maskandesign.com/html/fonts/sound/flaticon.css]
[berg.maskandesign.com/html/fonts/health/flaticon.eot]
[berg.maskandesign.com/html/fonts/health/flaticon.woff]
[berg.maskandesign.com/html/fonts/health/flaticon.ttf]
[berg.maskandesign.com/html/fonts/health/flaticon.svg]
[berg.maskandesign.com/html/fonts/health/flaticon.css]
[berg.maskandesign.com/html/images/white_bck.html]
[berg.maskandesign.com/html/images/food_where.jpg]
[berg.maskandesign.com/html/fonts/spa/flaticon.eot]
[berg.maskandesign.com/html/fonts/spa/flaticon.woff]
[berg.maskandesign.com/html/fonts/spa/flaticon.ttf]
[berg.maskandesign.com/html/fonts/spa/flaticon.css]
[berg.maskandesign.com/html/fonts/dentist/flaticon.eot]
[berg.maskandesign.com/html/fonts/spa/flaticon.svg]
[berg.maskandesign.com/html/fonts/dentist/flaticon.woff]
[berg.maskandesign.com/html/fonts/dentist/flaticon.ttf]
[berg.maskandesign.com/html/fonts/dentist/flaticon.svg]
[berg.maskandesign.com/html/fonts/dentist/flaticon.css]
[berg.maskandesign.com/html/css/jquery.mb.YTPlayer.min.css]
[berg.maskandesign.com/html/js/jquery.mb.YTPlayer.min.js]
[berg.maskandesign.com/html/Popover requires tooltip.html]
[berg.maskandesign.com/html/fonts/sound/flaticon.svg]
[berg.maskandesign.com/html/fonts/health/flaticon.svg]
[berg.maskandesign.com/html/fonts/spa/flaticon.svg]
[berg.maskandesign.com/html/fonts/dentist/flaticon.svg]
[berg.maskandesign.com/html/css/font/ytp-regular.html]
